src/modules/loans/services/cron.service.ts(4,32): error TS2305: Module '"@prisma/client"' has no exported member 'SanctionType'.
src/modules/loans/services/cron.service.ts(63,19): error TS2353: Object literal may only specify known properties, and 'systemBlockUntil' does not exist in type '(Without<UserUpdateInput, UserUncheckedUpdateInput> & UserUncheckedUpdateInput) | (Without<...> & UserUpdateInput)'.
src/modules/loans/services/fines.service.ts(3,10): error TS2305: Module '"@prisma/client"' has no exported member 'FineStatus'.
src/modules/loans/services/fines.service.ts(10,24): error TS2339: Property 'fine' does not exist on type 'PrismaService'.
src/modules/loans/services/fines.service.ts(22,24): error TS2339: Property 'fine' does not exist on type 'PrismaService'.
src/modules/loans/services/fines.service.ts(32,24): error TS2339: Property 'fine' does not exist on type 'PrismaService'.
src/modules/loans/services/fines.service.ts(41,24): error TS2339: Property 'fine' does not exist on type 'PrismaService'.
src/modules/loans/services/loans.service.ts(30,20): error TS2339: Property 'cost' does not exist on type '{ title: string; activeState: boolean; createdAt: Date; updatedAt: Date; slug: string; bookId: string; isbn: string | null; publisher: string | null; publicationYear: number | null; edition: string | null; language: string | null; description: string | null; }'.
src/modules/loans/services/loans.service.ts(31,33): error TS2339: Property 'cost' does not exist on type '{ title: string; activeState: boolean; createdAt: Date; updatedAt: Date; slug: string; bookId: string; isbn: string | null; publisher: string | null; publicationYear: number | null; edition: string | null; language: string | null; description: string | null; }'.
src/modules/loans/services/loans.service.ts(41,11): error TS2353: Object literal may only specify known properties, and 'depositAmount' does not exist in type 'Without<LoanCreateInput, LoanUncheckedCreateInput> & LoanUncheckedCreateInput'.
src/modules/loans/services/loans.service.ts(96,58): error TS2339: Property 'depositAmount' does not exist on type '{ user: { createdAt: Date; updatedAt: Date; slug: string | null; userId: string; code: string; userDataId: string; password: string; role: Role; isConfirmed: boolean; confirmationToken: string | null; ... 5 more ...; lastPasswordReset: Date | null; }; } & { ...; }'.
src/modules/loans/services/loans.service.ts(97,18): error TS2339: Property 'depositStatus' does not exist on type 'LoanUpdateInput'.
src/modules/loans/services/loans.service.ts(98,64): error TS2339: Property 'depositAmount' does not exist on type '{ user: { createdAt: Date; updatedAt: Date; slug: string | null; userId: string; code: string; userDataId: string; password: string; role: Role; isConfirmed: boolean; confirmationToken: string | null; ... 5 more ...; lastPasswordReset: Date | null; }; } & { ...; }'.
src/modules/loans/services/loans.service.ts(124,35): error TS2339: Property 'fine' does not exist on type 'Omit<PrismaClient<PrismaClientOptions, never, DefaultArgs>, "$on" | "$connect" | "$disconnect" | "$use" | "$extends">'.
src/modules/loans/services/loans.service.ts(128,20): error TS2339: Property 'fine' does not exist on type 'Omit<PrismaClient<PrismaClientOptions, never, DefaultArgs>, "$on" | "$connect" | "$disconnect" | "$use" | "$extends">'.
src/modules/loans/services/loans.service.ts(133,21): error TS2339: Property 'systemBlockUntil' does not exist on type '{ createdAt: Date; updatedAt: Date; slug: string | null; userId: string; code: string; userDataId: string; password: string; role: Role; isConfirmed: boolean; confirmationToken: string | null; ... 5 more ...; lastPasswordReset: Date | null; }'.
src/modules/loans/services/loans.service.ts(133,51): error TS2339: Property 'systemBlockUntil' does not exist on type '{ createdAt: Date; updatedAt: Date; slug: string | null; userId: string; code: string; userDataId: string; password: string; role: Role; isConfirmed: boolean; confirmationToken: string | null; ... 5 more ...; lastPasswordReset: Date | null; }'.
src/modules/loans/services/loans.service.ts(136,19): error TS2353: Object literal may only specify known properties, and 'systemBlockUntil' does not exist in type '(Without<UserUpdateInput, UserUncheckedUpdateInput> & UserUncheckedUpdateInput) | (Without<...> & UserUpdateInput)'.
src/modules/loans/services/sanctions.service.ts(3,10): error TS2305: Module '"@prisma/client"' has no exported member 'SanctionType'.
src/modules/loans/services/sanctions.service.ts(3,24): error TS2305: Module '"@prisma/client"' has no exported member 'SanctionStatus'.
src/modules/loans/services/sanctions.service.ts(11,23): error TS2339: Property 'sanction' does not exist on type 'PrismaService'.
src/modules/loans/services/sanctions.service.ts(25,39): error TS2339: Property 'sanction' does not exist on type 'PrismaService'.
src/modules/loans/services/sanctions.service.ts(29,34): error TS7006: Parameter 's' implicitly has an 'any' type.
src/modules/loans/services/sanctions.service.ts(30,35): error TS7006: Parameter 's' implicitly has an 'any' type.
src/modules/loans/services/sanctions.service.ts(31,38): error TS7006: Parameter 's' implicitly has an 'any' type.
src/modules/loans/services/sanctions.service.ts(39,54): error TS7006: Parameter 's' implicitly has an 'any' type.
src/modules/loans/services/sanctions.service.ts(45,55): error TS7006: Parameter 's' implicitly has an 'any' type.
src/modules/loans/services/sanctions.service.ts(51,58): error TS7006: Parameter 's' implicitly has an 'any' type.
src/modules/loans/services/sanctions.service.ts(57,34): error TS2339: Property 'systemBlockUntil' does not exist on type '{ createdAt: Date; updatedAt: Date; slug: string | null; userId: string; code: string; userDataId: string; password: string; role: Role; isConfirmed: boolean; confirmationToken: string | null; ... 5 more ...; lastPasswordReset: Date | null; }'.
src/modules/loans/services/sanctions.service.ts(57,59): error TS2339: Property 'systemBlockUntil' does not exist on type '{ createdAt: Date; updatedAt: Date; slug: string | null; userId: string; code: string; userDataId: string; password: string; role: Role; isConfirmed: boolean; confirmationToken: string | null; ... 5 more ...; lastPasswordReset: Date | null; }'.
src/modules/loans/services/sanctions.service.ts(58,16): error TS2339: Property 'systemBlockUntil' does not exist on type '{ createdAt: Date; updatedAt: Date; slug: string | null; userId: string; code: string; userDataId: string; password: string; role: Role; isConfirmed: boolean; confirmationToken: string | null; ... 5 more ...; lastPasswordReset: Date | null; }'.
src/modules/loans/services/sanctions.service.ts(67,19): error TS2353: Object literal may only specify known properties, and 'systemBlockUntil' does not exist in type '(Without<UserUpdateInput, UserUncheckedUpdateInput> & UserUncheckedUpdateInput) | (Without<...> & UserUpdateInput)'.
src/modules/loans/services/sanctions.service.ts(69,21): error TS2339: Property 'sanction' does not exist on type 'PrismaService'.
src/modules/loans/services/sanctions.service.ts(104,45): error TS2339: Property 'sanction' does not exist on type 'PrismaService'.
src/modules/loans/services/sanctions.service.ts(110,25): error TS2339: Property 'sanction' does not exist on type 'PrismaService'.
src/modules/loans/services/sanctions.service.ts(120,17): error TS2353: Object literal may only specify known properties, and 'systemBlockUntil' does not exist in type 'UserSelect<DefaultArgs>'.
src/modules/loans/services/sanctions.service.ts(122,21): error TS2339: Property 'systemBlockUntil' does not exist on type '{ createdAt: Date; updatedAt: Date; slug: string | null; userId: string; code: string; userDataId: string; password: string; role: Role; isConfirmed: boolean; confirmationToken: string | null; ... 5 more ...; lastPasswordReset: Date | null; }'.
src/modules/loans/services/sanctions.service.ts(122,46): error TS2339: Property 'systemBlockUntil' does not exist on type '{ createdAt: Date; updatedAt: Date; slug: string | null; userId: string; code: string; userDataId: string; password: string; role: Role; isConfirmed: boolean; confirmationToken: string | null; ... 5 more ...; lastPasswordReset: Date | null; }'.
src/modules/reservations/services/reservations.service.ts(176,33): error TS2339: Property 'cost' does not exist on type '{ title: string; activeState: boolean; createdAt: Date; updatedAt: Date; slug: string; bookId: string; isbn: string | null; publisher: string | null; publicationYear: number | null; edition: string | null; language: string | null; description: string | null; }'.
src/modules/reservations/services/reservations.service.ts(177,45): error TS2339: Property 'cost' does not exist on type '{ title: string; activeState: boolean; createdAt: Date; updatedAt: Date; slug: string; bookId: string; isbn: string | null; publisher: string | null; publicationYear: number | null; edition: string | null; language: string | null; description: string | null; }'.
src/modules/reservations/services/reservations.service.ts(189,11): error TS2353: Object literal may only specify known properties, and 'depositAmount' does not exist in type 'Without<LoanCreateInput, LoanUncheckedCreateInput> & LoanUncheckedCreateInput'.
